[2026-05-27T00:19:47.491+0000] {manager.py:469} INFO - Processing files using up to 2 processes at a time 
[2026-05-27T00:19:47.492+0000] {manager.py:470} INFO - Process each file at most once every 30 seconds
[2026-05-27T00:19:47.493+0000] {manager.py:471} INFO - Checking for new files in /opt/airflow/dags every 300 seconds
[2026-05-27T00:19:47.493+0000] {manager.py:738} INFO - Searching for files in /opt/airflow/dags
[2026-05-27T00:19:47.497+0000] {manager.py:741} INFO - There are 0 files in /opt/airflow/dags
[2026-05-27T00:24:47.769+0000] {manager.py:738} INFO - Searching for files in /opt/airflow/dags
[2026-05-27T00:24:47.791+0000] {manager.py:741} INFO - There are 1 files in /opt/airflow/dags
[2026-05-27T00:24:48.885+0000] {manager.py:879} INFO - 
================================================================================
DAG File Processing Stats

File Path                                PID    Runtime      # DAGs    # Errors  Last Runtime    Last Run
---------------------------------------  -----  ---------  --------  ----------  --------------  -------------------
/opt/airflow/dags/etl_incidentes_dag.py                           1           0  0.47s           2026-05-27T00:24:48
================================================================================
[2026-05-27T00:25:19.499+0000] {manager.py:879} INFO - 
================================================================================
DAG File Processing Stats

File Path                                PID    Runtime      # DAGs    # Errors  Last Runtime    Last Run
---------------------------------------  -----  ---------  --------  ----------  --------------  -------------------
/opt/airflow/dags/etl_incidentes_dag.py                           1           0  0.12s           2026-05-27T00:25:18
================================================================================
[2026-05-27T00:25:49.846+0000] {manager.py:879} INFO - 
================================================================================
DAG File Processing Stats

File Path                                PID    Runtime      # DAGs    # Errors  Last Runtime    Last Run
---------------------------------------  -----  ---------  --------  ----------  --------------  -------------------
/opt/airflow/dags/etl_incidentes_dag.py                           1           0  0.13s           2026-05-27T00:25:48
================================================================================
[2026-05-27T00:26:20.095+0000] {manager.py:879} INFO - 
================================================================================
DAG File Processing Stats

File Path                                PID    Runtime      # DAGs    # Errors  Last Runtime    Last Run
---------------------------------------  -----  ---------  --------  ----------  --------------  -------------------
/opt/airflow/dags/etl_incidentes_dag.py                           1           0  0.12s           2026-05-27T00:26:19
================================================================================
[2026-05-27T00:26:50.382+0000] {manager.py:879} INFO - 
================================================================================
DAG File Processing Stats

File Path                                PID    Runtime      # DAGs    # Errors  Last Runtime    Last Run
---------------------------------------  -----  ---------  --------  ----------  --------------  -------------------
/opt/airflow/dags/etl_incidentes_dag.py                           1           0  0.16s           2026-05-27T00:26:49
================================================================================
[2026-05-27T00:27:20.607+0000] {manager.py:879} INFO - 
================================================================================
DAG File Processing Stats

File Path                                PID    Runtime      # DAGs    # Errors  Last Runtime    Last Run
---------------------------------------  -----  ---------  --------  ----------  --------------  -------------------
/opt/airflow/dags/etl_incidentes_dag.py                           1           0  0.12s           2026-05-27T00:27:19
================================================================================
[2026-05-27T00:27:50.919+0000] {manager.py:879} INFO - 
================================================================================
DAG File Processing Stats

File Path                                PID    Runtime      # DAGs    # Errors  Last Runtime    Last Run
---------------------------------------  -----  ---------  --------  ----------  --------------  -------------------
/opt/airflow/dags/etl_incidentes_dag.py                           1           0  0.14s           2026-05-27T00:27:50
================================================================================
[2026-05-27T00:28:21.134+0000] {manager.py:879} INFO - 
================================================================================
DAG File Processing Stats

File Path                                PID    Runtime      # DAGs    # Errors  Last Runtime    Last Run
---------------------------------------  -----  ---------  --------  ----------  --------------  -------------------
/opt/airflow/dags/etl_incidentes_dag.py                           1           0  0.12s           2026-05-27T00:28:20
================================================================================
[2026-05-27T00:28:51.423+0000] {manager.py:879} INFO - 
================================================================================
DAG File Processing Stats

File Path                                PID    Runtime      # DAGs    # Errors  Last Runtime    Last Run
---------------------------------------  -----  ---------  --------  ----------  --------------  -------------------
/opt/airflow/dags/etl_incidentes_dag.py                           1           0  0.14s           2026-05-27T00:28:50
================================================================================
[2026-05-27T00:29:21.677+0000] {manager.py:879} INFO - 
================================================================================
DAG File Processing Stats

File Path                                PID    Runtime      # DAGs    # Errors  Last Runtime    Last Run
---------------------------------------  -----  ---------  --------  ----------  --------------  -------------------
/opt/airflow/dags/etl_incidentes_dag.py                           1           0  0.11s           2026-05-27T00:29:20
================================================================================
[2026-05-27T00:29:47.936+0000] {manager.py:738} INFO - Searching for files in /opt/airflow/dags
[2026-05-27T00:29:47.966+0000] {manager.py:741} INFO - There are 1 files in /opt/airflow/dags
[2026-05-27T00:29:52.016+0000] {manager.py:879} INFO - 
================================================================================
DAG File Processing Stats

File Path                                PID    Runtime      # DAGs    # Errors  Last Runtime    Last Run
---------------------------------------  -----  ---------  --------  ----------  --------------  -------------------
/opt/airflow/dags/etl_incidentes_dag.py                           1           0  0.12s           2026-05-27T00:29:51
================================================================================
[2026-05-27T00:30:22.336+0000] {manager.py:879} INFO - 
================================================================================
DAG File Processing Stats

File Path                                PID    Runtime      # DAGs    # Errors  Last Runtime    Last Run
---------------------------------------  -----  ---------  --------  ----------  --------------  -------------------
/opt/airflow/dags/etl_incidentes_dag.py                           1           0  0.11s           2026-05-27T00:30:21
================================================================================
[2026-05-27T00:30:52.602+0000] {manager.py:879} INFO - 
================================================================================
DAG File Processing Stats

File Path                                PID    Runtime      # DAGs    # Errors  Last Runtime    Last Run
---------------------------------------  -----  ---------  --------  ----------  --------------  -------------------
/opt/airflow/dags/etl_incidentes_dag.py                           1           0  0.12s           2026-05-27T00:30:51
================================================================================
[2026-05-27T00:31:22.921+0000] {manager.py:879} INFO - 
================================================================================
DAG File Processing Stats

File Path                                PID    Runtime      # DAGs    # Errors  Last Runtime    Last Run
---------------------------------------  -----  ---------  --------  ----------  --------------  -------------------
/opt/airflow/dags/etl_incidentes_dag.py                           1           0  0.21s           2026-05-27T00:31:22
================================================================================
[2026-05-27T00:31:53.266+0000] {manager.py:879} INFO - 
================================================================================
DAG File Processing Stats

File Path                                PID    Runtime      # DAGs    # Errors  Last Runtime    Last Run
---------------------------------------  -----  ---------  --------  ----------  --------------  -------------------
/opt/airflow/dags/etl_incidentes_dag.py                           1           0  0.12s           2026-05-27T00:31:52
================================================================================
[2026-05-27T00:32:23.534+0000] {manager.py:879} INFO - 
================================================================================
DAG File Processing Stats

File Path                                PID    Runtime      # DAGs    # Errors  Last Runtime    Last Run
---------------------------------------  -----  ---------  --------  ----------  --------------  -------------------
/opt/airflow/dags/etl_incidentes_dag.py                           1           0  0.11s           2026-05-27T00:32:22
================================================================================
[2026-05-27T00:32:53.866+0000] {manager.py:879} INFO - 
================================================================================
DAG File Processing Stats

File Path                                PID    Runtime      # DAGs    # Errors  Last Runtime    Last Run
---------------------------------------  -----  ---------  --------  ----------  --------------  -------------------
/opt/airflow/dags/etl_incidentes_dag.py                           1           0  0.13s           2026-05-27T00:32:52
================================================================================
[2026-05-27T00:33:24.113+0000] {manager.py:879} INFO - 
================================================================================
DAG File Processing Stats

File Path                                PID    Runtime      # DAGs    # Errors  Last Runtime    Last Run
---------------------------------------  -----  ---------  --------  ----------  --------------  -------------------
/opt/airflow/dags/etl_incidentes_dag.py                           1           0  0.12s           2026-05-27T00:33:23
================================================================================
[2026-05-27T00:33:54.434+0000] {manager.py:879} INFO - 
================================================================================
DAG File Processing Stats

File Path                                PID    Runtime      # DAGs    # Errors  Last Runtime    Last Run
---------------------------------------  -----  ---------  --------  ----------  --------------  -------------------
/opt/airflow/dags/etl_incidentes_dag.py                           1           0  0.12s           2026-05-27T00:33:53
================================================================================
[2026-05-27T00:34:24.697+0000] {manager.py:879} INFO - 
================================================================================
DAG File Processing Stats

File Path                                PID    Runtime      # DAGs    # Errors  Last Runtime    Last Run
---------------------------------------  -----  ---------  --------  ----------  --------------  -------------------
/opt/airflow/dags/etl_incidentes_dag.py                           1           0  0.12s           2026-05-27T00:34:23
================================================================================
[2026-05-27T00:34:47.965+0000] {manager.py:738} INFO - Searching for files in /opt/airflow/dags
[2026-05-27T00:34:47.985+0000] {manager.py:741} INFO - There are 1 files in /opt/airflow/dags
[2026-05-27T00:34:55.038+0000] {manager.py:879} INFO - 
================================================================================
DAG File Processing Stats

File Path                                PID    Runtime      # DAGs    # Errors  Last Runtime    Last Run
---------------------------------------  -----  ---------  --------  ----------  --------------  -------------------
/opt/airflow/dags/etl_incidentes_dag.py                           1           0  0.13s           2026-05-27T00:34:54
================================================================================
[2026-05-27T00:35:25.316+0000] {manager.py:879} INFO - 
================================================================================
DAG File Processing Stats

File Path                                PID    Runtime      # DAGs    # Errors  Last Runtime    Last Run
---------------------------------------  -----  ---------  --------  ----------  --------------  -------------------
/opt/airflow/dags/etl_incidentes_dag.py                           1           0  0.22s           2026-05-27T00:35:24
================================================================================
[2026-05-27T00:35:55.543+0000] {manager.py:879} INFO - 
================================================================================
DAG File Processing Stats

File Path                                PID    Runtime      # DAGs    # Errors  Last Runtime    Last Run
---------------------------------------  -----  ---------  --------  ----------  --------------  -------------------
/opt/airflow/dags/etl_incidentes_dag.py                           1           0  0.18s           2026-05-27T00:35:54
================================================================================
[2026-05-27T00:36:25.786+0000] {manager.py:879} INFO - 
================================================================================
DAG File Processing Stats

File Path                                PID    Runtime      # DAGs    # Errors  Last Runtime    Last Run
---------------------------------------  -----  ---------  --------  ----------  --------------  -------------------
/opt/airflow/dags/etl_incidentes_dag.py                           1           0  0.11s           2026-05-27T00:36:24
================================================================================
[2026-05-27T00:36:56.097+0000] {manager.py:879} INFO - 
================================================================================
DAG File Processing Stats

File Path                                PID    Runtime      # DAGs    # Errors  Last Runtime    Last Run
---------------------------------------  -----  ---------  --------  ----------  --------------  -------------------
/opt/airflow/dags/etl_incidentes_dag.py                           1           0  0.15s           2026-05-27T00:36:55
================================================================================
[2026-05-27T00:37:26.360+0000] {manager.py:879} INFO - 
================================================================================
DAG File Processing Stats

File Path                                PID    Runtime      # DAGs    # Errors  Last Runtime    Last Run
---------------------------------------  -----  ---------  --------  ----------  --------------  -------------------
/opt/airflow/dags/etl_incidentes_dag.py                           1           0  0.12s           2026-05-27T00:37:25
================================================================================
[2026-05-27T00:37:56.614+0000] {manager.py:879} INFO - 
================================================================================
DAG File Processing Stats

File Path                                PID    Runtime      # DAGs    # Errors  Last Runtime    Last Run
---------------------------------------  -----  ---------  --------  ----------  --------------  -------------------
/opt/airflow/dags/etl_incidentes_dag.py                           1           0  0.14s           2026-05-27T00:37:55
================================================================================
[2026-05-27T00:38:26.799+0000] {manager.py:879} INFO - 
================================================================================
DAG File Processing Stats

File Path                                PID    Runtime      # DAGs    # Errors  Last Runtime    Last Run
---------------------------------------  -----  ---------  --------  ----------  --------------  -------------------
/opt/airflow/dags/etl_incidentes_dag.py                           1           0  0.11s           2026-05-27T00:38:25
================================================================================
[2026-05-27T00:38:57.079+0000] {manager.py:879} INFO - 
================================================================================
DAG File Processing Stats

File Path                                PID    Runtime      # DAGs    # Errors  Last Runtime    Last Run
---------------------------------------  -----  ---------  --------  ----------  --------------  -------------------
/opt/airflow/dags/etl_incidentes_dag.py                           1           0  0.14s           2026-05-27T00:38:56
================================================================================
[2026-05-27T00:39:27.317+0000] {manager.py:879} INFO - 
================================================================================
DAG File Processing Stats

File Path                                PID    Runtime      # DAGs    # Errors  Last Runtime    Last Run
---------------------------------------  -----  ---------  --------  ----------  --------------  -------------------
/opt/airflow/dags/etl_incidentes_dag.py                           1           0  0.17s           2026-05-27T00:39:26
================================================================================
[2026-05-27T00:39:48.434+0000] {manager.py:738} INFO - Searching for files in /opt/airflow/dags
[2026-05-27T00:39:48.454+0000] {manager.py:741} INFO - There are 1 files in /opt/airflow/dags
[2026-05-27T00:39:57.623+0000] {manager.py:879} INFO - 
================================================================================
DAG File Processing Stats

File Path                                PID    Runtime      # DAGs    # Errors  Last Runtime    Last Run
---------------------------------------  -----  ---------  --------  ----------  --------------  -------------------
/opt/airflow/dags/etl_incidentes_dag.py                           1           0  0.12s           2026-05-27T00:39:56
================================================================================
[2026-05-27T00:40:27.861+0000] {manager.py:879} INFO - 
================================================================================
DAG File Processing Stats

File Path                                PID    Runtime      # DAGs    # Errors  Last Runtime    Last Run
---------------------------------------  -----  ---------  --------  ----------  --------------  -------------------
/opt/airflow/dags/etl_incidentes_dag.py                           1           0  0.13s           2026-05-27T00:40:26
================================================================================
[2026-05-27T00:40:58.131+0000] {manager.py:879} INFO - 
================================================================================
DAG File Processing Stats

File Path                                PID    Runtime      # DAGs    # Errors  Last Runtime    Last Run
---------------------------------------  -----  ---------  --------  ----------  --------------  -------------------
/opt/airflow/dags/etl_incidentes_dag.py                           1           0  0.26s           2026-05-27T00:40:57
================================================================================
[2026-05-27T00:41:28.568+0000] {manager.py:879} INFO - 
================================================================================
DAG File Processing Stats

File Path                                PID    Runtime      # DAGs    # Errors  Last Runtime    Last Run
---------------------------------------  -----  ---------  --------  ----------  --------------  -------------------
/opt/airflow/dags/etl_incidentes_dag.py                           1           0  0.19s           2026-05-27T00:41:27
================================================================================
[2026-05-27T00:41:58.952+0000] {manager.py:879} INFO - 
================================================================================
DAG File Processing Stats

File Path                                PID    Runtime      # DAGs    # Errors  Last Runtime    Last Run
---------------------------------------  -----  ---------  --------  ----------  --------------  -------------------
/opt/airflow/dags/etl_incidentes_dag.py                           1           0  0.16s           2026-05-27T00:41:58
================================================================================
[2026-05-27T00:42:29.262+0000] {manager.py:879} INFO - 
================================================================================
DAG File Processing Stats

File Path                                PID    Runtime      # DAGs    # Errors  Last Runtime    Last Run
---------------------------------------  -----  ---------  --------  ----------  --------------  -------------------
/opt/airflow/dags/etl_incidentes_dag.py                           1           0  0.11s           2026-05-27T00:42:28
================================================================================
[2026-05-27T00:42:59.494+0000] {manager.py:879} INFO - 
================================================================================
DAG File Processing Stats

File Path                                PID    Runtime      # DAGs    # Errors  Last Runtime    Last Run
---------------------------------------  -----  ---------  --------  ----------  --------------  -------------------
/opt/airflow/dags/etl_incidentes_dag.py                           1           0  0.23s           2026-05-27T00:42:58
================================================================================
[2026-05-27T00:43:29.893+0000] {manager.py:879} INFO - 
================================================================================
DAG File Processing Stats

File Path                                PID    Runtime      # DAGs    # Errors  Last Runtime    Last Run
---------------------------------------  -----  ---------  --------  ----------  --------------  -------------------
/opt/airflow/dags/etl_incidentes_dag.py                           1           0  0.18s           2026-05-27T00:43:29
================================================================================
[2026-05-27T00:44:00.240+0000] {manager.py:879} INFO - 
================================================================================
DAG File Processing Stats

File Path                                PID    Runtime      # DAGs    # Errors  Last Runtime    Last Run
---------------------------------------  -----  ---------  --------  ----------  --------------  -------------------
/opt/airflow/dags/etl_incidentes_dag.py                           1           0  0.14s           2026-05-27T00:43:59
================================================================================
[2026-05-27T00:44:30.457+0000] {manager.py:879} INFO - 
================================================================================
DAG File Processing Stats

File Path                                PID    Runtime      # DAGs    # Errors  Last Runtime    Last Run
---------------------------------------  -----  ---------  --------  ----------  --------------  -------------------
/opt/airflow/dags/etl_incidentes_dag.py                           1           0  0.22s           2026-05-27T00:44:29
================================================================================
[2026-05-27T00:44:48.565+0000] {manager.py:738} INFO - Searching for files in /opt/airflow/dags
[2026-05-27T00:44:48.619+0000] {manager.py:741} INFO - There are 1 files in /opt/airflow/dags
[2026-05-27T00:45:00.852+0000] {manager.py:879} INFO - 
================================================================================
DAG File Processing Stats

File Path                                PID    Runtime      # DAGs    # Errors  Last Runtime    Last Run
---------------------------------------  -----  ---------  --------  ----------  --------------  -------------------
/opt/airflow/dags/etl_incidentes_dag.py                           1           0  0.20s           2026-05-27T00:44:59
================================================================================
[2026-05-27T00:45:31.062+0000] {manager.py:879} INFO - 
================================================================================
DAG File Processing Stats

File Path                                PID    Runtime      # DAGs    # Errors  Last Runtime    Last Run
---------------------------------------  -----  ---------  --------  ----------  --------------  -------------------
/opt/airflow/dags/etl_incidentes_dag.py                           1           0  0.16s           2026-05-27T00:45:30
================================================================================
