[2026-05-27T00:41:02.880+0000] {taskinstance.py:1956} INFO - Dependencies all met for dep_context=non-requeueable deps ti=<TaskInstance: etl_incidentes_viales_v2.extract_csv scheduled__2026-04-01T00:00:00+00:00 [queued]>
[2026-05-27T00:41:02.902+0000] {taskinstance.py:1956} INFO - Dependencies all met for dep_context=requeueable deps ti=<TaskInstance: etl_incidentes_viales_v2.extract_csv scheduled__2026-04-01T00:00:00+00:00 [queued]>
[2026-05-27T00:41:02.904+0000] {taskinstance.py:2170} INFO - Starting attempt 2 of 2
[2026-05-27T00:41:02.929+0000] {taskinstance.py:2191} INFO - Executing <Task(PythonOperator): extract_csv> on 2026-04-01 00:00:00+00:00
[2026-05-27T00:41:02.939+0000] {standard_task_runner.py:60} INFO - Started process 360 to run task
[2026-05-27T00:41:02.948+0000] {standard_task_runner.py:87} INFO - Running: ['***', 'tasks', 'run', 'etl_incidentes_viales_v2', 'extract_csv', 'scheduled__2026-04-01T00:00:00+00:00', '--job-id', '8', '--raw', '--subdir', 'DAGS_FOLDER/etl_incidentes_dag.py', '--cfg-path', '/tmp/tmp754ldsoh']
[2026-05-27T00:41:02.956+0000] {standard_task_runner.py:88} INFO - Job 8: Subtask extract_csv
[2026-05-27T00:41:03.036+0000] {task_command.py:423} INFO - Running <TaskInstance: etl_incidentes_viales_v2.extract_csv scheduled__2026-04-01T00:00:00+00:00 [running]> on host d07f2f9e634b
[2026-05-27T00:41:03.134+0000] {taskinstance.py:2480} INFO - Exporting env vars: AIRFLOW_CTX_DAG_OWNER='etl_team' AIRFLOW_CTX_DAG_ID='etl_incidentes_viales_v2' AIRFLOW_CTX_TASK_ID='extract_csv' AIRFLOW_CTX_EXECUTION_DATE='2026-04-01T00:00:00+00:00' AIRFLOW_CTX_TRY_NUMBER='2' AIRFLOW_CTX_DAG_RUN_ID='scheduled__2026-04-01T00:00:00+00:00'
[2026-05-27T00:41:03.622+0000] {taskinstance.py:2698} ERROR - Task failed with exception
Traceback (most recent call last):
  File "/home/airflow/.local/lib/python3.8/site-packages/airflow/models/taskinstance.py", line 433, in _execute_task
    result = execute_callable(context=context, **execute_callable_kwargs)
  File "/home/airflow/.local/lib/python3.8/site-packages/airflow/operators/python.py", line 199, in execute
    return_value = self.execute_callable()
  File "/home/airflow/.local/lib/python3.8/site-packages/airflow/operators/python.py", line 216, in execute_callable
    return self.python_callable(*self.op_args, **self.op_kwargs)
  File "/opt/airflow/dags/etl_incidentes_dag.py", line 21, in task_extract_csv
    df = pd.read_csv(RAW_PATH, encoding='utf-8', on_bad_lines='skip', low_memory=False)
  File "/home/airflow/.local/lib/python3.8/site-packages/pandas/io/parsers/readers.py", line 912, in read_csv
    return _read(filepath_or_buffer, kwds)
  File "/home/airflow/.local/lib/python3.8/site-packages/pandas/io/parsers/readers.py", line 577, in _read
    parser = TextFileReader(filepath_or_buffer, **kwds)
  File "/home/airflow/.local/lib/python3.8/site-packages/pandas/io/parsers/readers.py", line 1407, in __init__
    self._engine = self._make_engine(f, self.engine)
  File "/home/airflow/.local/lib/python3.8/site-packages/pandas/io/parsers/readers.py", line 1661, in _make_engine
    self.handles = get_handle(
  File "/home/airflow/.local/lib/python3.8/site-packages/pandas/io/common.py", line 868, in get_handle
    handle = open(handle, ioargs.mode)
FileNotFoundError: [Errno 2] No such file or directory: '/opt/airflow/data/incidentes_viales.csv'
[2026-05-27T00:41:03.638+0000] {taskinstance.py:1138} INFO - Marking task as FAILED. dag_id=etl_incidentes_viales_v2, task_id=extract_csv, execution_date=20260401T000000, start_date=20260527T004102, end_date=20260527T004103
[2026-05-27T00:41:03.656+0000] {standard_task_runner.py:107} ERROR - Failed to execute job 8 for task extract_csv ([Errno 2] No such file or directory: '/opt/airflow/data/incidentes_viales.csv'; 360)
[2026-05-27T00:41:03.684+0000] {local_task_job_runner.py:234} INFO - Task exited with return code 1
[2026-05-27T00:41:03.711+0000] {taskinstance.py:3280} INFO - 0 downstream tasks scheduled from follow-on schedule check
